<html>
<body>
<pre>
<h1>礦ision Build Log</h1>
<h2>Project:</h2>
E:\比赛\智能小车\USER\Template.uvproj
Project File Date:  11/10/2014

<h2>Output:</h2>
Build target 'Template'
compiling main.c...
..\HARDWARE\bujin\bujin.h(5): warning:  #1295-D: Deprecated declaration bujin_init - give arg types
  void bujin_init();
..\HARDWARE\bujin\bujin.h(9): warning:  #1295-D: Deprecated declaration Moter_Stop - give arg types
  void Moter_Stop();
..\HARDWARE\bujin\bujin.h(11): warning:  #1-D: last line of file ends without a newline
  #endif
..\HARDWARE\INFRARED\infrared.h(12): warning:  #1295-D: Deprecated declaration Infrared_init - give arg types
  void Infrared_init();
..\HARDWARE\INFRARED\infrared.h(13): warning:  #1295-D: Deprecated declaration Infrared_scan - give arg types
  u8 Infrared_scan();
..\HARDWARE\INFRARED\infrared.h(14): warning:  #1-D: last line of file ends without a newline
  #endif
run.h(4): warning:  #1295-D: Deprecated declaration xunji - give arg types
  void xunji();
run.h(5): warning:  #1295-D: Deprecated declaration qiaoqiao - give arg types
  void qiaoqiao();
run.h(6): warning:  #1-D: last line of file ends without a newline
  #endif
main.c: 9 warnings, 0 errors
linking...
Program Size: Code=9240 RO-data=336 RW-data=60 ZI-data=1868  
FromELF: creating hex file...
"..\OBJ\bujin.axf" - 0 Error(s), 9 Warning(s).
</pre>
</body>
</html>
(5): warning:  #1295-D: Deprecated declaration qiaoqiao - give arg types
  void qiaoqiao();
run.h(6): warning:  #1-D: last line of file ends without a newline
  #endif
..\HARDWARE\INFRARED\infrared.h(12): warning:  #1295-D: Deprecated declaration Infrared_init - give arg types
  void Infrared_init();
..\HARDWARE\INFRARED\infrared.h(13): warning:  #1295-D: Deprecated declaration Infrared_scan - give arg types
  u8 Infrared_scan();
..\HARDWARE\INFRARED\infrared.h(14): warning:  #1-D: last line of file ends without a newline
  #endif
..\HARDWARE\bujin\bujin.h(5): warning:  #1295-D: Deprecated declaration bujin_init - give arg types
  void bujin_init();
..\HARDWARE\bujin\bujin.h(9): warning:  #1295-D: Deprecated declaration Moter_Stop - give arg types
  void Moter_Stop();
..\HARDWARE\bujin\bujin.h(11): warning:  #1-D: last line of file ends without a newline
  #endif
..\HARDWARE\MPU6050\mpu6050.h(6): warning:  #1-D: last line of file ends without a newline
  #endif
run.c: 10 warnings, 0 errors
compiling core_cm3.c...
compiling misc.c...
compiling stm32f10x_exti.c...
compiling stm32f10x_gpio.c...
compiling stm32f10x_rcc.c...
compiling stm32f10x_usart.c...
compiling stm32f10x_adc.c...
compiling stm32f10x_tim.c...
compiling stm32f10x_flash.c...
compiling delay.c...
compiling sys.c...
compiling usart.c...
compiling key.c...
compiling infrared.c...
..\HARDWARE\INFRARED\infrared.h(12): warning:  #1295-D: Deprecated declaration Infrared_init - give arg types
  void Infrared_init();
..\HARDWARE\INFRARED\infrared.h(13): warning:  #1295-D: Deprecated declaration Infrared_scan - give arg types
  u8 Infrared_scan();
..\HARDWARE\INFRARED\infrared.h(14): warning:  #1-D: last line of file ends without a newline
  #endif
..\HARDWARE\INFRARED\infrared.c: 3 warnings, 0 errors
compiling bujin.c...
..\HARDWARE\bujin\bujin.h(5): warning:  #1295-D: Deprecated declaration bujin_init - give arg types
  void bujin_init();
..\HARDWARE\bujin\bujin.h(9): warning:  #1295-D: Deprecated declaration Moter_Stop - give arg types
  void Moter_Stop();
..\HARDWARE\bujin\bujin.h(11): warning:  #1-D: last line of file ends without a newline
  #endif
..\HARDWARE\bujin\bujin.c: 3 warnings, 0 errors
compiling mpu6050.c...
..\HARDWARE\MPU6050\mpu6050.h(6): warning:  #1-D: last line of file ends without a newline
  #endif
..\HARDWARE\MPU6050\mpu6050.c: 1 warning, 0 errors
linking...
Program Size: Code=9240 RO-data=336 RW-data=60 ZI-data=1868  
FromELF: creating hex file...
"..\OBJ\bujin.axf" - 0 Error(s), 26 Warning(s).
