<html>
<body>
<pre>
<h1>礦ision Build Log</h1>
<h2>Project:</h2>
F:\Code\Code_keil\步进电机\USER\Template.uvproj
Project File Date:  09/25/2014

<h2>Output:</h2>
Build target 'Template'
compiling main.c...
..\HARDWARE\_led.h(6): warning:  #1295-D: Deprecated declaration LED_Init - give arg types
  void LED_Init();
..\HARDWARE\_led.h(7): warning:  #1-D: last line of file ends without a newline
  #endif
..\HARDWARE\bujin\bujin.h(5): warning:  #1295-D: Deprecated declaration bujin_init - give arg types
  void bujin_init();
..\HARDWARE\bujin\bujin.h(6): warning:  #1-D: last line of file ends without a newline
  #endif
main.c(21): warning:  #111-D: statement is unreachable
        return 0;
main.c: 5 warnings, 0 errors
linking...
Program Size: Code=4608 RO-data=336 RW-data=52 ZI-data=1836  
FromELF: creating hex file...
"..\OBJ\bujin.axf" - 0 Error(s), 5 Warning(s).
</pre>
</body>
</html>
m32f10x_can.c...
compiling stm32f10x_cec.c...
compiling stm32f10x_crc.c...
compiling stm32f10x_dac.c...
compiling stm32f10x_dbgmcu.c...
compiling stm32f10x_dma.c...
compiling stm32f10x_exti.c...
compiling stm32f10x_flash.c...
compiling stm32f10x_fsmc.c...
compiling stm32f10x_gpio.c...
compiling stm32f10x_i2c.c...
compiling stm32f10x_iwdg.c...
compiling stm32f10x_pwr.c...
compiling stm32f10x_rcc.c...
compiling stm32f10x_rtc.c...
compiling stm32f10x_sdio.c...
compiling stm32f10x_spi.c...
compiling stm32f10x_tim.c...
compiling stm32f10x_usart.c...
compiling stm32f10x_wwdg.c...
compiling delay.c...
compiling sys.c...
compiling usart.c...
compiling _led.c...
..\HARDWARE\_led.h(6): warning:  #1295-D: Deprecated declaration LED_Init - give arg types
  void LED_Init();
..\HARDWARE\_led.h(7): warning:  #1-D: last line of file ends without a newline
  #endif
..\HARDWARE\_led.c(13): warning:  #1-D: last line of file ends without a newline
  } 
..\HARDWARE\_led.c: 3 warnings, 0 errors
compiling bujin.c...
..\HARDWARE\bujin\bujin.h(5): warning:  #1295-D: Deprecated declaration bujin_init - give arg types
  void bujin_init();
..\HARDWARE\bujin\bujin.h(6): warning:  #1-D: last line of file ends without a newline
  #endif
..\HARDWARE\bujin\bujin.c(19): warning:  #1-D: last line of file ends without a newline
  }
..\HARDWARE\bujin\bujin.c: 3 warnings, 0 errors
linking...
Program Size: Code=4608 RO-data=336 RW-data=52 ZI-data=1836  
FromELF: creating hex file...
"..\OBJ\bujin.axf" - 0 Error(s), 11 Warning(s).
Load "..\\OBJ\\bujin.axf" 
Error: Flash Download failed  -  Target DLL has been cancelled
